===============================
 AWS Resource Tracker Script
===============================

[1] List of S3 Buckets
----------------------

[2] List of EC2 Instances
-------------------------
---------------------------------------------------------------
|                      DescribeInstances                      |
+----------------------+----------+-----------+---------------+
|  i-09e3207750e350af0 |  running |  t3.micro |  16.171.63.7  |
+----------------------+----------+-----------+---------------+

[3] List of Lambda Functions
----------------------------

[4] List of IAM Users
---------------------
----------------------------------------------
|                  ListUsers                 |
+--------------+-----------------------------+
|  Rajesh      |  2026-04-02T14:08:26+00:00  |
|  Shell-Admin |  2026-05-04T17:02:08+00:00  |
|  Vaibhav     |  2026-04-03T05:22:37+00:00  |
+--------------+-----------------------------+

===============================
 Script Execution Completed
===============================
===============================
 AWS Resource Tracker Script
===============================

[1] List of S3 Buckets
----------------------

[2] List of EC2 Instances
-------------------------
---------------------------------------------------------------
|                      DescribeInstances                      |
+----------------------+----------+-----------+---------------+
|  i-09e3207750e350af0 |  running |  t3.micro |  16.171.63.7  |
+----------------------+----------+-----------+---------------+

[3] List of Lambda Functions
----------------------------

[4] List of IAM Users
---------------------
----------------------------------------------
|                  ListUsers                 |
+--------------+-----------------------------+
|  Rajesh      |  2026-04-02T14:08:26+00:00  |
|  Shell-Admin |  2026-05-04T17:02:08+00:00  |
|  Vaibhav     |  2026-04-03T05:22:37+00:00  |
+--------------+-----------------------------+

===============================
 Script Execution Completed
===============================
===============================
 AWS Resource Tracker Script
===============================

[1] List of S3 Buckets
----------------------

[2] List of EC2 Instances
-------------------------
---------------------------------------------------------------
|                      DescribeInstances                      |
+----------------------+----------+-----------+---------------+
|  i-09e3207750e350af0 |  running |  t3.micro |  16.171.63.7  |
+----------------------+----------+-----------+---------------+

[3] List of Lambda Functions
----------------------------

[4] List of IAM Users
---------------------
----------------------------------------------
|                  ListUsers                 |
+--------------+-----------------------------+
|  Rajesh      |  2026-04-02T14:08:26+00:00  |
|  Shell-Admin |  2026-05-04T17:02:08+00:00  |
|  Vaibhav     |  2026-04-03T05:22:37+00:00  |
+--------------+-----------------------------+

===============================
 Script Execution Completed
===============================
===============================
 AWS Resource Tracker Script
===============================

[1] List of S3 Buckets
----------------------

[2] List of EC2 Instances
-------------------------
---------------------------------------------------------------
|                      DescribeInstances                      |
+----------------------+----------+-----------+---------------+
|  i-09e3207750e350af0 |  running |  t3.micro |  16.171.63.7  |
+----------------------+----------+-----------+---------------+

[3] List of Lambda Functions
----------------------------

[4] List of IAM Users
---------------------
----------------------------------------------
|                  ListUsers                 |
+--------------+-----------------------------+
|  Rajesh      |  2026-04-02T14:08:26+00:00  |
|  Shell-Admin |  2026-05-04T17:02:08+00:00  |
|  Vaibhav     |  2026-04-03T05:22:37+00:00  |
+--------------+-----------------------------+

===============================
 Script Execution Completed
===============================
