=== Starting Combined Script ===
File demo.txt created.
=== Starting Combined Script ===
File demo.txt created.
Listing files:
total 8.0K
-rw-rw-r-- 1 ubuntu ubuntu   0 May  8 08:03 README.md
-rw-rw-r-- 1 ubuntu ubuntu 127 May  8 10:57 all_in_one.log
-rw-rw-r-- 1 ubuntu ubuntu   0 May  8 10:57 demo.txt
-rwxrwxr-x 1 ubuntu ubuntu 288 May  8 10:57 system_audit.sh
=== Starting Combined Script ===
File demo.txt created.
Listing files:
total 8.0K
-rw-rw-r-- 1 ubuntu ubuntu   0 May  8 08:03 README.md
-rw-rw-r-- 1 ubuntu ubuntu 435 May  8 11:04 all_in_one.log
-rw-rw-r-- 1 ubuntu ubuntu   0 May  8 11:04 demo.txt
-rwxrwxr-x 1 ubuntu ubuntu 288 May  8 11:04 system_audit.sh
=== Starting Combined Script ===
File demo.txt created.
Listing files:
total 8.0K
-rw-rw-r-- 1 ubuntu ubuntu   0 May  8 08:03 README.md
-rw-rw-r-- 1 ubuntu ubuntu 743 May  8 11:18 all_in_one.log
-rw-rw-r-- 1 ubuntu ubuntu   0 May  8 11:18 demo.txt
-rwxrwxr-x 1 ubuntu ubuntu 390 May  8 11:18 system_audit.sh
Showing first 10 lines of 'ls' manual:
=== Starting Combined Script ===
File demo.txt created.
Listing files:
total 8.0K
-rw-rw-r-- 1 ubuntu ubuntu    0 May  8 08:03 README.md
-rw-rw-r-- 1 ubuntu ubuntu 1.1K May  8 11:20 all_in_one.log
-rw-rw-r-- 1 ubuntu ubuntu    0 May  8 11:20 demo.txt
-rwxrwxr-x 1 ubuntu ubuntu  418 May  8 11:19 system_audit.sh
Showing first 10 lines of 'ls' manual:
=== Starting Combined Script ===
File demo.txt created.
Listing files:
total 8.0K
-rw-rw-r-- 1 ubuntu ubuntu    0 May  8 08:03 README.md
-rw-rw-r-- 1 ubuntu ubuntu 1.5K May  8 11:21 all_in_one.log
-rw-rw-r-- 1 ubuntu ubuntu    0 May  8 11:21 demo.txt
-rwxrwxr-x 1 ubuntu ubuntu  419 May  8 11:21 system_audit.sh
Showing first 10 lines of 'ls' manual:
LS(1)                                                     User Commands                                                     LS(1)

NAME
       ls - list directory contents

SYNOPSIS
       ls [OPTION]... [FILE]...

DESCRIPTION
       List information about the FILEs (the current directory by default).  Sort entries alphabetically if none of -cftuvSUX nor
=== Starting Combined Script ===
File demo.txt created.
Listing files:
total 8.0K
-rw-rw-r-- 1 ubuntu ubuntu    0 May  8 08:03 README.md
-rw-rw-r-- 1 ubuntu ubuntu 2.1K May  8 11:41 all_in_one.log
-rw-rw-r-- 1 ubuntu ubuntu    0 May  8 11:41 demo.txt
-rwxrwxr-x 1 ubuntu ubuntu  539 May  8 11:41 system_audit.sh
Showing first 10 lines of 'ls' manual:
LS(1)                                                     User Commands                                                     LS(1)

NAME
       ls - list directory contents

SYNOPSIS
       ls [OPTION]... [FILE]...

DESCRIPTION
       List information about the FILEs (the current directory by default).  Sort entries alphabetically if none of -cftuvSUX nor
Written content to demo.txt
=== Starting Combined Script ===
File demo.txt created.
Listing files:
total 12K
-rw-rw-r-- 1 ubuntu ubuntu    0 May  8 08:03 README.md
-rw-rw-r-- 1 ubuntu ubuntu 2.9K May  8 11:45 all_in_one.log
-rw-rw-r-- 1 ubuntu ubuntu   12 May  8 11:45 demo.txt
-rwxrwxr-x 1 ubuntu ubuntu  833 May  8 11:45 system_audit.sh
Showing first 10 lines of 'ls' manual:
LS(1)                                                     User Commands                                                     LS(1)

NAME
       ls - list directory contents

SYNOPSIS
       ls [OPTION]... [FILE]...

DESCRIPTION
       List information about the FILEs (the current directory by default).  Sort entries alphabetically if none of -cftuvSUX nor
Written content to demo.txt
Touch vs vim demo done.
Touch vs vim demo done.
=== Starting Combined Script ===
File demo.txt created.
Listing files:
total 16K
-rw-rw-r-- 1 ubuntu ubuntu    0 May  8 08:03 README.md
-rw-rw-r-- 1 ubuntu ubuntu 3.6K May  8 11:45 all_in_one.log
-rw-rw-r-- 1 ubuntu ubuntu   22 May  8 11:45 content.txt
-rw-rw-r-- 1 ubuntu ubuntu   12 May  8 11:45 demo.txt
-rw-rw-r-- 1 ubuntu ubuntu    0 May  8 11:45 empty.txt
-rwxrwxr-x 1 ubuntu ubuntu  833 May  8 11:45 system_audit.sh
Showing first 10 lines of 'ls' manual:
LS(1)                                                     User Commands                                                     LS(1)

NAME
       ls - list directory contents

SYNOPSIS
       ls [OPTION]... [FILE]...

DESCRIPTION
       List information about the FILEs (the current directory by default).  Sort entries alphabetically if none of -cftuvSUX nor
Written content to demo.txt
Touch vs vim demo done.
Touch vs vim demo done.
=== Starting Combined Script ===
File demo.txt created.
Listing files:
total 20K
-rw-rw-r-- 1 ubuntu ubuntu    0 May  8 08:03 README.md
-rw-rw-r-- 1 ubuntu ubuntu 4.5K May  8 12:09 all_in_one.log
-rw-rw-r-- 1 ubuntu ubuntu   22 May  8 11:45 content.txt
-rw-rw-r-- 1 ubuntu ubuntu   12 May  8 12:09 demo.txt
-rw-rw-r-- 1 ubuntu ubuntu    0 May  8 11:45 empty.txt
-rwxrwxr-x 1 ubuntu ubuntu  801 May  8 12:09 system_audit.sh
Showing first 10 lines of 'ls' manual:
LS(1)                                                     User Commands                                                     LS(1)

NAME
       ls - list directory contents

SYNOPSIS
       ls [OPTION]... [FILE]...

DESCRIPTION
       List information about the FILEs (the current directory by default).  Sort entries alphabetically if none of -cftuvSUX nor
Written content to demo.txt
Touch vs vim demo done.
=== Starting Combined Script ===
File demo.txt created.
Listing files:
total 24K
-rw-rw-r-- 1 ubuntu ubuntu    0 May  8 08:03 README.md
-rw-rw-r-- 1 ubuntu ubuntu 5.4K May  8 12:10 all_in_one.log
-rw-rw-r-- 1 ubuntu ubuntu   22 May  8 12:09 content.txt
-rw-rw-r-- 1 ubuntu ubuntu   22 May  8 12:09 copy_content.txt
-rw-rw-r-- 1 ubuntu ubuntu   12 May  8 12:10 demo.txt
-rw-rw-r-- 1 ubuntu ubuntu    0 May  8 12:09 empty.txt
-rwxrwxr-x 1 ubuntu ubuntu  802 May  8 12:10 system_audit.sh
Showing first 10 lines of 'ls' manual:
LS(1)                                                     User Commands                                                     LS(1)

NAME
       ls - list directory contents

SYNOPSIS
       ls [OPTION]... [FILE]...

DESCRIPTION
       List information about the FILEs (the current directory by default).  Sort entries alphabetically if none of -cftuvSUX nor
Written content to demo.txt
Touch vs vim demo done.
Copied content.txt to copy_content.txt
=== Starting Combined Script ===
File demo.txt created.
Listing files:
total 24K
-rw-rw-r-- 1 ubuntu ubuntu    0 May  8 08:03 README.md
-rw-rw-r-- 1 ubuntu ubuntu 6.3K May  8 12:13 all_in_one.log
-rw-rw-r-- 1 ubuntu ubuntu   22 May  8 12:10 content.txt
-rw-rw-r-- 1 ubuntu ubuntu   22 May  8 12:10 copy_content.txt
-rw-rw-r-- 1 ubuntu ubuntu   12 May  8 12:13 demo.txt
-rw-rw-r-- 1 ubuntu ubuntu    0 May  8 12:10 empty.txt
-rwxrwxr-x 1 ubuntu ubuntu 1.1K May  8 12:13 system_audit.sh
Showing first 10 lines of 'ls' manual:
LS(1)                                                     User Commands                                                     LS(1)

NAME
       ls - list directory contents

SYNOPSIS
       ls [OPTION]... [FILE]...

DESCRIPTION
       List information about the FILEs (the current directory by default).  Sort entries alphabetically if none of -cftuvSUX nor
Written content to demo.txt
Touch vs vim demo done.
Copied content.txt to copy_content.txt
This script runs with bash interpreter.
Current shell: /bin/bash
This script runs with bash interpreter.
Current shell: /bin/bash
=== Starting Combined Script ===
File demo.txt created.
Listing files:
total 24K
-rw-rw-r-- 1 ubuntu ubuntu    0 May  8 08:03 README.md
-rw-rw-r-- 1 ubuntu ubuntu 7.4K May  8 12:32 all_in_one.log
-rw-rw-r-- 1 ubuntu ubuntu   22 May  8 12:13 content.txt
-rw-rw-r-- 1 ubuntu ubuntu   22 May  8 12:13 copy_content.txt
-rw-rw-r-- 1 ubuntu ubuntu   12 May  8 12:32 demo.txt
-rw-rw-r-- 1 ubuntu ubuntu    0 May  8 12:13 empty.txt
-rwxrwxr-x 1 ubuntu ubuntu 1.3K May  8 12:32 system_audit.sh
Showing first 10 lines of 'ls' manual:
LS(1)                                                     User Commands                                                     LS(1)

NAME
       ls - list directory contents

SYNOPSIS
       ls [OPTION]... [FILE]...

DESCRIPTION
       List information about the FILEs (the current directory by default).  Sort entries alphabetically if none of -cftuvSUX nor
Written content to demo.txt
Touch vs vim demo done.
Copied content.txt to copy_content.txt
This script runs with bash interpreter.
Current shell: /bin/bash
This script runs with bash interpreter.
Current shell: /bin/bash
welcome to devops automation
Script is executable.
=== Starting Combined Script ===
File demo.txt created.
Listing files:
total 28K
-rw-rw-r-- 1 ubuntu ubuntu    0 May  8 08:03 README.md
-rw-rw-r-- 1 ubuntu ubuntu 8.5K May  8 12:38 all_in_one.log
-rw-rw-r-- 1 ubuntu ubuntu   22 May  8 12:32 content.txt
-rw-rw-r-- 1 ubuntu ubuntu   22 May  8 12:32 copy_content.txt
-rw-rw-r-- 1 ubuntu ubuntu   12 May  8 12:38 demo.txt
-rw-rw-r-- 1 ubuntu ubuntu    0 May  8 12:32 empty.txt
-rwxrwxr-x 1 ubuntu ubuntu 1.4K May  8 12:38 system_audit.sh
Showing first 10 lines of 'ls' manual:
LS(1)                                                     User Commands                                                     LS(1)

NAME
       ls - list directory contents

SYNOPSIS
       ls [OPTION]... [FILE]...

DESCRIPTION
       List information about the FILEs (the current directory by default).  Sort entries alphabetically if none of -cftuvSUX nor
Written content to demo.txt
Touch vs vim demo done.
Copied content.txt to copy_content.txt
This script runs with bash interpreter.
Current shell: /bin/bash
This script runs with bash interpreter.
Current shell: /bin/bash
welcome to devops automation
Script is executable.
-rwxrwxrwx 1 ubuntu ubuntu 12 May  8 12:38 demo.txt
=== Starting Combined Script ===
File demo.txt created.
Listing files:
total 28K
-rw-rw-r-- 1 ubuntu ubuntu    0 May  8 08:03 README.md
-rw-rw-r-- 1 ubuntu ubuntu 9.7K May  8 12:40 all_in_one.log
-rw-rw-r-- 1 ubuntu ubuntu   22 May  8 12:38 content.txt
-rw-rw-r-- 1 ubuntu ubuntu   22 May  8 12:38 copy_content.txt
-rwxrwxrwx 1 ubuntu ubuntu   12 May  8 12:40 demo.txt
-rw-rw-r-- 1 ubuntu ubuntu    0 May  8 12:38 empty.txt
-rwxrwxr-x 1 ubuntu ubuntu 1.5K May  8 12:40 system_audit.sh
Showing first 10 lines of 'ls' manual:
LS(1)                                                     User Commands                                                     LS(1)

NAME
       ls - list directory contents

SYNOPSIS
       ls [OPTION]... [FILE]...

DESCRIPTION
       List information about the FILEs (the current directory by default).  Sort entries alphabetically if none of -cftuvSUX nor
Written content to demo.txt
Touch vs vim demo done.
Copied content.txt to copy_content.txt
This script runs with bash interpreter.
Current shell: /bin/bash
This script runs with bash interpreter.
Current shell: /bin/bash
welcome to devops automation
Script is executable.
-rwxrwxrwx 1 ubuntu ubuntu 12 May  8 12:40 demo.txt
Recent Commands:
=== Starting Combined Script ===
File demo.txt created.
Listing files:
total 28K
-rw-rw-r-- 1 ubuntu ubuntu    0 May  8 08:03 README.md
-rw-rw-r-- 1 ubuntu ubuntu  11K May  9 14:45 all_in_one.log
-rw-rw-r-- 1 ubuntu ubuntu   22 May  8 12:40 content.txt
-rw-rw-r-- 1 ubuntu ubuntu   22 May  8 12:40 copy_content.txt
-rwxrwxrwx 1 ubuntu ubuntu   12 May  9 14:45 demo.txt
-rw-rw-r-- 1 ubuntu ubuntu    0 May  8 12:40 empty.txt
-rwxrwxr-x 1 ubuntu ubuntu 1.8K May  9 14:45 system_audit.sh
Showing first 10 lines of 'ls' manual:
LS(1)                                                     User Commands                                                     LS(1)

NAME
       ls - list directory contents

SYNOPSIS
       ls [OPTION]... [FILE]...

DESCRIPTION
       List information about the FILEs (the current directory by default).  Sort entries alphabetically if none of -cftuvSUX nor
Written content to demo.txt
Touch vs vim demo done.
Copied content.txt to copy_content.txt
This script runs with bash interpreter.
Current shell: /bin/bash
This script runs with bash interpreter.
Current shell: /bin/bash
welcome to devops automation
Script is executable.
-rwxrwxrwx 1 ubuntu ubuntu 12 May  9 14:45 demo.txt
Recent Commands:
CPU & RAM Info:
               total        used        free      shared  buff/cache   available
Mem:           911Mi       471Mi       100Mi       2.8Mi       512Mi       439Mi
Swap:             0B          0B          0B
=== Starting Combined Script ===
File demo.txt created.
Listing files:
total 32K
-rw-rw-r-- 1 ubuntu ubuntu    0 May  8 08:03 README.md
-rw-rw-r-- 1 ubuntu ubuntu  13K May  9 14:48 all_in_one.log
-rw-rw-r-- 1 ubuntu ubuntu   22 May  9 14:45 content.txt
-rw-rw-r-- 1 ubuntu ubuntu   22 May  9 14:45 copy_content.txt
-rwxrwxrwx 1 ubuntu ubuntu   12 May  9 14:48 demo.txt
-rw-rw-r-- 1 ubuntu ubuntu    0 May  9 14:45 empty.txt
-rwxrwxr-x 1 ubuntu ubuntu 1.8K May  9 14:48 system_audit.sh
Showing first 10 lines of 'ls' manual:
LS(1)                                                     User Commands                                                     LS(1)

NAME
       ls - list directory contents

SYNOPSIS
       ls [OPTION]... [FILE]...

DESCRIPTION
       List information about the FILEs (the current directory by default).  Sort entries alphabetically if none of -cftuvSUX nor
Written content to demo.txt
Touch vs vim demo done.
Copied content.txt to copy_content.txt
This script runs with bash interpreter.
Current shell: /bin/bash
This script runs with bash interpreter.
Current shell: /bin/bash
welcome to devops automation
Script is executable.
-rwxrwxrwx 1 ubuntu ubuntu 12 May  9 14:48 demo.txt
Recent Commands:
CPU & RAM Info:
               total        used        free      shared  buff/cache   available
Mem:           911Mi       479Mi        91Mi       2.8Mi       512Mi       431Mi
Swap:             0B          0B          0B
Top processes snapshot:
=== Combined Script Completed ===
=== Starting Combined Script ===
File demo.txt created.
Listing files:
total 32K
-rw-rw-r-- 1 ubuntu ubuntu    0 May  8 08:03 README.md
-rw-rw-r-- 1 ubuntu ubuntu  14K May  9 14:49 all_in_one.log
-rw-rw-r-- 1 ubuntu ubuntu   22 May  9 14:48 content.txt
-rw-rw-r-- 1 ubuntu ubuntu   22 May  9 14:48 copy_content.txt
-rwxrwxrwx 1 ubuntu ubuntu   12 May  9 14:49 demo.txt
-rw-rw-r-- 1 ubuntu ubuntu    0 May  9 14:48 empty.txt
-rwxrwxr-x 1 ubuntu ubuntu 1.8K May  9 14:49 system_audit.sh
Showing first 10 lines of 'ls' manual:
LS(1)                                                     User Commands                                                     LS(1)

NAME
       ls - list directory contents

SYNOPSIS
       ls [OPTION]... [FILE]...

DESCRIPTION
       List information about the FILEs (the current directory by default).  Sort entries alphabetically if none of -cftuvSUX nor
Written content to demo.txt
Touch vs vim demo done.
Copied content.txt to copy_content.txt
This script runs with bash interpreter.
Current shell: /bin/bash
This script runs with bash interpreter.
Current shell: /bin/bash
welcome to devops automation
Script is executable.
-rwxrwxrwx 1 ubuntu ubuntu 12 May  9 14:49 demo.txt
Recent Commands:
CPU & RAM Info:
               total        used        free      shared  buff/cache   available
Mem:           911Mi       476Mi        94Mi       2.8Mi       513Mi       434Mi
Swap:             0B          0B          0B
Top processes snapshot:
=== Combined Script Completed ===
=== Starting Combined Script ===
File demo.txt created.
Listing files:
total 32K
-rw-rw-r-- 1 ubuntu ubuntu    0 May  8 08:03 README.md
-rw-rw-r-- 1 ubuntu ubuntu  16K May  9 14:50 all_in_one.log
-rw-rw-r-- 1 ubuntu ubuntu   22 May  9 14:49 content.txt
-rw-rw-r-- 1 ubuntu ubuntu   22 May  9 14:49 copy_content.txt
-rwxrwxrwx 1 ubuntu ubuntu   12 May  9 14:50 demo.txt
-rw-rw-r-- 1 ubuntu ubuntu    0 May  9 14:49 empty.txt
-rwxrwxr-x 1 ubuntu ubuntu 1.8K May  9 14:50 system_audit.sh
Showing first 10 lines of 'ls' manual:
LS(1)                                                     User Commands                                                     LS(1)

NAME
       ls - list directory contents

SYNOPSIS
       ls [OPTION]... [FILE]...

DESCRIPTION
       List information about the FILEs (the current directory by default).  Sort entries alphabetically if none of -cftuvSUX nor
Written content to demo.txt
Touch vs vim demo done.
Copied content.txt to copy_content.txt
This script runs with bash interpreter.
Current shell: /bin/bash
This script runs with bash interpreter.
Current shell: /bin/bash
welcome to devops automation
Script is executable.
-rwxrwxrwx 1 ubuntu ubuntu 12 May  9 14:50 demo.txt
Recent Commands:
CPU & RAM Info:
               total        used        free      shared  buff/cache   available
Mem:           911Mi       488Mi        83Mi       2.8Mi       513Mi       423Mi
Swap:             0B          0B          0B
Top processes snapshot:
top - 14:50:43 up 1 day,  7:08,  1 user,  load average: 0.19, 0.07, 0.01
Tasks: 126 total,   1 running, 125 sleeping,   0 stopped,   0 zombie
%Cpu(s):  0.0 us,  0.0 sy,  0.0 ni,100.0 id,  0.0 wa,  0.0 hi,  0.0 si,  0.0 st 
MiB Mem :    911.4 total,     83.2 free,    488.0 used,    513.3 buff/cache     
MiB Swap:      0.0 total,      0.0 free,      0.0 used.    423.4 avail Mem 

    PID USER      PR  NI    VIRT    RES    SHR S  %CPU  %MEM     TIME+ COMMAND
      1 root      20   0   22800  12332   7956 S   0.0   1.3   1:26.40 systemd
      2 root      20   0       0      0      0 S   0.0   0.0   0:00.03 kthreadd
      3 root      20   0       0      0      0 S   0.0   0.0   0:00.00 pool_wo+
=== Combined Script Completed ===
